nohup: ignoring input
+ source .env
++ IMAGE=insaflu-ubuntu
++ APP_USER=flu_user
++ TIMEZONE=Europe/London
++ USERNAME_IMAGE=douradojns
++ BASE_PATH_DATA=/home/xpto/INSaFLU/data
++ APP_PORT=8080
++ TELEVIR_IMAGE=televir-image
++ TELEVIR_BASE_PATH_DATA=/home/xpto/TELEVIR/data
++ TELEVIR_PORT=8000
++ SLURM_TAG=slurm-21.08
++ IMAGE_TAG=21.08.6
+ '[' '!' -d /home/xpto/INSaFLU/data/postgres/postgres_data ']'
+ '[' '!' -d /home/xpto/INSaFLU/data/postgres/backups ']'
+ '[' '!' -d /home/xpto/INSaFLU/data/insaflu/data/all_data ']'
+ '[' '!' -d /home/xpto/INSaFLU/data/insaflu/data/predefined_dbs ']'
+ '[' '!' -d /home/xpto/INSaFLU/data/insaflu/env ']'
+ '[' '!' -d /home/xpto/INSaFLU/data/insaflu/log/httpd ']'
+ cp components/insaflu-ubuntu/configs/insaflu.env /home/xpto/INSaFLU/data/insaflu/env/
cp: cannot create regular file '/home/xpto/INSaFLU/data/insaflu/env/insaflu.env': Permission denied
